******************************************************************************
                  MSP430 Linker PC v16.9.0                     
******************************************************************************
>> Linked Sat Oct 07 22:52:13 2017

OUTPUT FILE NAME:   <Clock.out>
ENTRY POINT SYMBOL: "_c_int00_noargs_noexit"  address: 0000fece


MEMORY CONFIGURATION

         name            origin    length      used     unused   attr    fill
----------------------  --------  ---------  --------  --------  ----  --------
  SFR                   00000000   00000010  00000000  00000010  RWIX
  PERIPHERALS_8BIT      00000010   000000f0  00000000  000000f0  RWIX
  PERIPHERALS_16BIT     00000100   00000100  00000000  00000100  RWIX
  RAM                   00000200   00000080  0000005c  00000024  RWIX
  INFOD                 00001000   00000040  00000000  00000040  RWIX
  INFOC                 00001040   00000040  00000000  00000040  RWIX
  INFOB                 00001080   00000040  00000000  00000040  RWIX
  INFOA                 000010c0   00000040  00000000  00000040  RWIX
  FLASH                 0000fc00   000003e0  000003b2  0000002e  RWIX
  INT00                 0000ffe0   00000002  00000000  00000002  RWIX
  INT01                 0000ffe2   00000002  00000000  00000002  RWIX
  INT02                 0000ffe4   00000002  00000002  00000000  RWIX
  INT03                 0000ffe6   00000002  00000002  00000000  RWIX
  INT04                 0000ffe8   00000002  00000002  00000000  RWIX
  INT05                 0000ffea   00000002  00000000  00000002  RWIX
  INT06                 0000ffec   00000002  00000000  00000002  RWIX
  INT07                 0000ffee   00000002  00000000  00000002  RWIX
  INT08                 0000fff0   00000002  00000002  00000000  RWIX
  INT09                 0000fff2   00000002  00000002  00000000  RWIX
  INT10                 0000fff4   00000002  00000002  00000000  RWIX
  INT11                 0000fff6   00000002  00000000  00000002  RWIX
  INT12                 0000fff8   00000002  00000000  00000002  RWIX
  INT13                 0000fffa   00000002  00000000  00000002  RWIX
  INT14                 0000fffc   00000002  00000002  00000000  RWIX
  RESET                 0000fffe   00000002  00000002  00000000  RWIX


SECTION ALLOCATION MAP

 output                                  attributes/
section   page    origin      length       input sections
--------  ----  ----------  ----------   ----------------
.data      0    00000200    00000008     UNINITIALIZED
                  00000200    00000008     main.obj (.data)

.bss       0    00000208    00000004     UNINITIALIZED
                  00000208    00000004     (.common:toPrint)

.stack     0    00000230    00000050     UNINITIALIZED
                  00000230    00000002     rts430_eabi.lib : boot.obj (.stack)
                  00000232    0000004e     --HOLE--

.text      0    0000fc00    00000394     
                  0000fc00    000000a8     main.obj (.text:Timer_A0_ISR)
                  0000fca8    0000007c     rts430_eabi.lib : copy_decompress_lzss.obj (.text:decompress:lzss:__TI_decompress_lzss)
                  0000fd24    0000006e                     : autoinit.obj (.text:_auto_init)
                  0000fd92    0000005a                     : cpy_tbl.obj (.text:copy_in)
                  0000fdec    0000004c                     : lsr16.obj (.text)
                  0000fe38    00000044     main.obj (.text:Port_2)
                  0000fe7c    0000002c     rts430_eabi.lib : lsl16.obj (.text)
                  0000fea8    00000026     main.obj (.text:main)
                  0000fece    0000001a     rts430_eabi.lib : boot_special.obj (.text:_c_int00_noargs_noexit)
                  0000fee8    0000001a     main.obj (.text:initButton)
                  0000ff02    00000014     main.obj (.text:config_clk)
                  0000ff16    00000014     rts430_eabi.lib : copy_zero_init.obj (.text:decompress:ZI:__TI_zero_init)
                  0000ff2a    00000014                     : mult16.obj (.text)
                  0000ff3e    00000012                     : copy_decompress_none.obj (.text:decompress:none:__TI_decompress_none)
                  0000ff50    00000012                     : memcpy.obj (.text:memcpy)
                  0000ff62    00000010                     : epilog.obj (.text)
                  0000ff72    0000000e     main.obj (.text:initLEDs)
                  0000ff80    00000008     rts430_eabi.lib : isr_trap.obj (.text:_isr:__TI_ISR_TRAP)
                  0000ff88    00000006                     : exit.obj (.text:abort)
                  0000ff8e    00000004                     : pre_init.obj (.text:_system_pre_init)
                  0000ff92    00000002                     : startup.obj (.text:_system_post_cinit)

.cinit     0    0000ff94    0000001e     
                  0000ff94    0000000c     (.cinit..data.load) [load image]
                  0000ffa0    00000006     (__TI_handler_table)
                  0000ffa6    00000004     (.cinit..bss.load) [load image, compression = zero_init]
                  0000ffaa    00000008     (__TI_cinit_table)

.binit     0    0000fc00    00000000     

.init_array 
*          0    0000fc00    00000000     UNINITIALIZED

PORT1      0    0000ffe4    00000002     
                  0000ffe4    00000002     rts430_eabi.lib : int02.obj (.int02)

PORT2      0    0000ffe6    00000002     
                  0000ffe6    00000002     main.obj (.int03)

USI        0    0000ffe8    00000002     
                  0000ffe8    00000002     rts430_eabi.lib : int04.obj (.int04)

TIMER0_A1 
*          0    0000fff0    00000002     
                  0000fff0    00000002     rts430_eabi.lib : int08.obj (.int08)

TIMER0_A0 
*          0    0000fff2    00000002     
                  0000fff2    00000002     main.obj (.int09)

WDT        0    0000fff4    00000002     
                  0000fff4    00000002     rts430_eabi.lib : int10.obj (.int10)

NMI        0    0000fffc    00000002     
                  0000fffc    00000002     rts430_eabi.lib : int14.obj (.int14)

.reset     0    0000fffe    00000002     
                  0000fffe    00000002     rts430_eabi.lib : boot.obj (.reset)

MODULE SUMMARY

       Module                     code   ro data   rw data
       ------                     ----   -------   -------
    .\
       main.obj                   334    4         12     
    +--+--------------------------+------+---------+---------+
       Total:                     334    4         12     
                                                          
    C:\ti\ccsv7\tools\compiler\ti-cgt-msp430_16.9.0.LTS\lib\rts430_eabi.lib
       copy_decompress_lzss.obj   124    0         0      
       autoinit.obj               110    0         0      
       cpy_tbl.obj                90     0         0      
       lsr16.obj                  76     0         0      
       lsl16.obj                  44     0         0      
       boot_special.obj           26     0         0      
       copy_zero_init.obj         20     0         0      
       mult16.obj                 20     0         0      
       copy_decompress_none.obj   18     0         0      
       memcpy.obj                 18     0         0      
       epilog.obj                 16     0         0      
       isr_trap.obj               8      0         0      
       exit.obj                   6      0         0      
       pre_init.obj               4      0         0      
       boot.obj                   0      2         0      
       int02.obj                  0      2         0      
       int04.obj                  0      2         0      
       int08.obj                  0      2         0      
       int10.obj                  0      2         0      
       int14.obj                  0      2         0      
       startup.obj                2      0         0      
    +--+--------------------------+------+---------+---------+
       Total:                     582    12        0      
                                                          
       Stack:                     0      0         80     
       Linker Generated:          0      30        0      
    +--+--------------------------+------+---------+---------+
       Grand Total:               916    46        92     


LINKER GENERATED COPY TABLES

__TI_cinit_table @ 0000ffaa records: 2, size/record: 4, table size: 8
	.data: load addr=0000ff94, load size=0000000c bytes, run addr=00000200, run size=00000008 bytes, compression=copy
	.bss: load addr=0000ffa6, load size=00000004 bytes, run addr=00000208, run size=00000004 bytes, compression=zero_init


LINKER GENERATED HANDLER TABLE

__TI_handler_table @ 0000ffa0 records: 3, size/record: 2, table size: 6
	index: 0, handler: __TI_zero_init
	index: 1, handler: __TI_decompress_lzss
	index: 2, handler: __TI_decompress_none


GLOBAL SYMBOLS: SORTED ALPHABETICALLY BY Name 

address   name                    
-------   ----                    
00000057  BCSCTL1                 
00000058  BCSCTL2                 
00000053  BCSCTL3                 
0000ff88  C$$EXIT                 
000010fb  CALBC1_12MHZ            
000010f9  CALBC1_16MHZ            
000010ff  CALBC1_1MHZ             
000010fd  CALBC1_8MHZ             
000010fa  CALDCO_12MHZ            
000010f8  CALDCO_16MHZ            
000010fe  CALDCO_1MHZ             
000010fc  CALDCO_8MHZ             
00000056  DCOCTL                  
00000128  FCTL1                   
0000012a  FCTL2                   
0000012c  FCTL3                   
00000000  IE1                     
00000002  IFG1                    
00000022  P1DIR                   
00000025  P1IE                    
00000024  P1IES                   
00000023  P1IFG                   
00000020  P1IN                    
00000021  P1OUT                   
00000027  P1REN                   
00000026  P1SEL                   
00000041  P1SEL2                  
0000002a  P2DIR                   
0000002d  P2IE                    
0000002c  P2IES                   
0000002b  P2IFG                   
00000028  P2IN                    
00000029  P2OUT                   
0000002f  P2REN                   
0000002e  P2SEL                   
00000042  P2SEL2                  
0000fe38  Port_2                  
00000172  TA0CCR0                 
00000174  TA0CCR1                 
00000176  TA0CCR2                 
00000162  TA0CCTL0                
00000164  TA0CCTL1                
00000166  TA0CCTL2                
00000160  TA0CTL                  
0000012e  TA0IV                   
00000170  TA0R                    
000010db  TLV_ADC10_1_LEN         
000010da  TLV_ADC10_1_TAG         
000010c0  TLV_CHECKSUM            
000010f7  TLV_DCO_30_LEN          
000010f6  TLV_DCO_30_TAG          
0000fc00  Timer_A0_ISR            
0000007a  USICCTL                 
0000007a  USICKCTL                
0000007b  USICNT                  
00000078  USICTL                  
00000078  USICTL0                 
00000079  USICTL1                 
0000007c  USISR                   
0000007d  USISRH                  
0000007c  USISRL                  
00000120  WDTCTL                  
00000280  __STACK_END             
00000050  __STACK_SIZE            
UNDEFED   __TI_BINIT_Base         
UNDEFED   __TI_BINIT_Limit        
0000ffaa  __TI_CINIT_Base         
0000ffb2  __TI_CINIT_Limit        
0000ffa0  __TI_Handler_Table_Base 
0000ffa6  __TI_Handler_Table_Limit
UNDEFED   __TI_INITARRAY_Base     
UNDEFED   __TI_INITARRAY_Limit    
0000ff80  __TI_ISR_TRAP           
0000fca8  __TI_decompress_lzss    
0000ff3e  __TI_decompress_none    
0000ffe4  __TI_int02              
0000ffe6  __TI_int03              
0000ffe8  __TI_int04              
0000fff0  __TI_int08              
0000fff2  __TI_int09              
0000fff4  __TI_int10              
0000fffc  __TI_int14              
ffffffff  __TI_pprof_out_hndl     
ffffffff  __TI_prof_data_size     
ffffffff  __TI_prof_data_start    
0000ff16  __TI_zero_init          
ffffffff  __c_args__              
0000ff6e  __mspabi_func_epilog_1  
0000ff6c  __mspabi_func_epilog_2  
0000ff6a  __mspabi_func_epilog_3  
0000ff68  __mspabi_func_epilog_4  
0000ff66  __mspabi_func_epilog_5  
0000ff64  __mspabi_func_epilog_6  
0000ff62  __mspabi_func_epilog_7  
0000ff2a  __mspabi_mpyi           
0000ff2a  __mspabi_mpyi_sw        
0000fe7c  __mspabi_slli           
0000fea4  __mspabi_slli_1         
0000fe92  __mspabi_slli_10        
0000fe90  __mspabi_slli_11        
0000fe8e  __mspabi_slli_12        
0000fe8c  __mspabi_slli_13        
0000fe8a  __mspabi_slli_14        
0000fe88  __mspabi_slli_15        
0000fea2  __mspabi_slli_2         
0000fea0  __mspabi_slli_3         
0000fe9e  __mspabi_slli_4         
0000fe9c  __mspabi_slli_5         
0000fe9a  __mspabi_slli_6         
0000fe98  __mspabi_slli_7         
0000fe96  __mspabi_slli_8         
0000fe94  __mspabi_slli_9         
0000fdec  __mspabi_srli           
0000fe32  __mspabi_srli_1         
0000fe0e  __mspabi_srli_10        
0000fe0a  __mspabi_srli_11        
0000fe06  __mspabi_srli_12        
0000fe02  __mspabi_srli_13        
0000fdfe  __mspabi_srli_14        
0000fdfa  __mspabi_srli_15        
0000fe2e  __mspabi_srli_2         
0000fe2a  __mspabi_srli_3         
0000fe26  __mspabi_srli_4         
0000fe22  __mspabi_srli_5         
0000fe1e  __mspabi_srli_6         
0000fe1a  __mspabi_srli_7         
0000fe16  __mspabi_srli_8         
0000fe12  __mspabi_srli_9         
0000fd24  _auto_init              
0000fece  _c_int00_noargs_noexit  
0000fffe  _reset_vector           
00000230  _stack                  
0000ff92  _system_post_cinit      
0000ff8e  _system_pre_init        
0000ff88  abort                   
0000ff02  config_clk              
0000fd92  copy_in                 
00000207  doubleDelay             
00000200  eigths                  
00000204  hours                   
0000fee8  initButton              
0000ff72  initLEDs                
0000fea8  main                    
0000ff50  memcpy                  
00000202  minutes_ones            
00000203  minutes_tens            
00000205  playState               
00000206  printingNumber          
00000201  seconds                 
00000208  toPrint                 


GLOBAL SYMBOLS: SORTED BY Symbol Address 

address   name                    
-------   ----                    
00000000  IE1                     
00000002  IFG1                    
00000020  P1IN                    
00000021  P1OUT                   
00000022  P1DIR                   
00000023  P1IFG                   
00000024  P1IES                   
00000025  P1IE                    
00000026  P1SEL                   
00000027  P1REN                   
00000028  P2IN                    
00000029  P2OUT                   
0000002a  P2DIR                   
0000002b  P2IFG                   
0000002c  P2IES                   
0000002d  P2IE                    
0000002e  P2SEL                   
0000002f  P2REN                   
00000041  P1SEL2                  
00000042  P2SEL2                  
00000050  __STACK_SIZE            
00000053  BCSCTL3                 
00000056  DCOCTL                  
00000057  BCSCTL1                 
00000058  BCSCTL2                 
00000078  USICTL                  
00000078  USICTL0                 
00000079  USICTL1                 
0000007a  USICCTL                 
0000007a  USICKCTL                
0000007b  USICNT                  
0000007c  USISR                   
0000007c  USISRL                  
0000007d  USISRH                  
00000120  WDTCTL                  
00000128  FCTL1                   
0000012a  FCTL2                   
0000012c  FCTL3                   
0000012e  TA0IV                   
00000160  TA0CTL                  
00000162  TA0CCTL0                
00000164  TA0CCTL1                
00000166  TA0CCTL2                
00000170  TA0R                    
00000172  TA0CCR0                 
00000174  TA0CCR1                 
00000176  TA0CCR2                 
00000200  eigths                  
00000201  seconds                 
00000202  minutes_ones            
00000203  minutes_tens            
00000204  hours                   
00000205  playState               
00000206  printingNumber          
00000207  doubleDelay             
00000208  toPrint                 
00000230  _stack                  
00000280  __STACK_END             
000010c0  TLV_CHECKSUM            
000010da  TLV_ADC10_1_TAG         
000010db  TLV_ADC10_1_LEN         
000010f6  TLV_DCO_30_TAG          
000010f7  TLV_DCO_30_LEN          
000010f8  CALDCO_16MHZ            
000010f9  CALBC1_16MHZ            
000010fa  CALDCO_12MHZ            
000010fb  CALBC1_12MHZ            
000010fc  CALDCO_8MHZ             
000010fd  CALBC1_8MHZ             
000010fe  CALDCO_1MHZ             
000010ff  CALBC1_1MHZ             
0000fc00  Timer_A0_ISR            
0000fca8  __TI_decompress_lzss    
0000fd24  _auto_init              
0000fd92  copy_in                 
0000fdec  __mspabi_srli           
0000fdfa  __mspabi_srli_15        
0000fdfe  __mspabi_srli_14        
0000fe02  __mspabi_srli_13        
0000fe06  __mspabi_srli_12        
0000fe0a  __mspabi_srli_11        
0000fe0e  __mspabi_srli_10        
0000fe12  __mspabi_srli_9         
0000fe16  __mspabi_srli_8         
0000fe1a  __mspabi_srli_7         
0000fe1e  __mspabi_srli_6         
0000fe22  __mspabi_srli_5         
0000fe26  __mspabi_srli_4         
0000fe2a  __mspabi_srli_3         
0000fe2e  __mspabi_srli_2         
0000fe32  __mspabi_srli_1         
0000fe38  Port_2                  
0000fe7c  __mspabi_slli           
0000fe88  __mspabi_slli_15        
0000fe8a  __mspabi_slli_14        
0000fe8c  __mspabi_slli_13        
0000fe8e  __mspabi_slli_12        
0000fe90  __mspabi_slli_11        
0000fe92  __mspabi_slli_10        
0000fe94  __mspabi_slli_9         
0000fe96  __mspabi_slli_8         
0000fe98  __mspabi_slli_7         
0000fe9a  __mspabi_slli_6         
0000fe9c  __mspabi_slli_5         
0000fe9e  __mspabi_slli_4         
0000fea0  __mspabi_slli_3         
0000fea2  __mspabi_slli_2         
0000fea4  __mspabi_slli_1         
0000fea8  main                    
0000fece  _c_int00_noargs_noexit  
0000fee8  initButton              
0000ff02  config_clk              
0000ff16  __TI_zero_init          
0000ff2a  __mspabi_mpyi           
0000ff2a  __mspabi_mpyi_sw        
0000ff3e  __TI_decompress_none    
0000ff50  memcpy                  
0000ff62  __mspabi_func_epilog_7  
0000ff64  __mspabi_func_epilog_6  
0000ff66  __mspabi_func_epilog_5  
0000ff68  __mspabi_func_epilog_4  
0000ff6a  __mspabi_func_epilog_3  
0000ff6c  __mspabi_func_epilog_2  
0000ff6e  __mspabi_func_epilog_1  
0000ff72  initLEDs                
0000ff80  __TI_ISR_TRAP           
0000ff88  C$$EXIT                 
0000ff88  abort                   
0000ff8e  _system_pre_init        
0000ff92  _system_post_cinit      
0000ffa0  __TI_Handler_Table_Base 
0000ffa6  __TI_Handler_Table_Limit
0000ffaa  __TI_CINIT_Base         
0000ffb2  __TI_CINIT_Limit        
0000ffe4  __TI_int02              
0000ffe6  __TI_int03              
0000ffe8  __TI_int04              
0000fff0  __TI_int08              
0000fff2  __TI_int09              
0000fff4  __TI_int10              
0000fffc  __TI_int14              
0000fffe  _reset_vector           
ffffffff  __TI_pprof_out_hndl     
ffffffff  __TI_prof_data_size     
ffffffff  __TI_prof_data_start    
ffffffff  __c_args__              
UNDEFED   __TI_BINIT_Base         
UNDEFED   __TI_BINIT_Limit        
UNDEFED   __TI_INITARRAY_Base     
UNDEFED   __TI_INITARRAY_Limit    

[150 symbols]
